io.github.jsonSnapshot.PrivateCalledMethodTest.testName=[
  "testContent"
]